// Vitest Snapshot v1, https://vitest.dev/guide/snapshot.html

exports[`When an element is hovered in visual builder mode > boolean field > should have custom cursor 1`] = `
<div
  class="go1688149084 visual-builder__cursor visible"
  data-icon="boolean"
  data-testid="visual-builder__cursor"
>
  <div
    class="visual-builder__cursor-wrapper go4230334221"
  >
    <div
      class="visual-builder__cursor-pointer go3046085498"
    >
      <svg
        fill="none"
        height="16"
        viewBox="0 0 16 16"
        width="16"
        xmlns="http://www.w3.org/2000/svg"
      >
        <path
          d="M0.0167948 0.602214C-0.0784404 0.246792 0.246794 -0.0784402 0.602216 0.0167948L15.6457 4.04767C16.0914 4.1671 16.1259 4.78625 15.6962 4.95447L8.17161 7.90048C8.04753 7.94906 7.94936 8.04723 7.90078 8.17131L4.95449 15.6962C4.78627 16.1259 4.16712 16.0914 4.04769 15.6457L0.0167948 0.602214Z"
          fill="#5D50BE"
        />
      </svg>
    </div>
    <div
      class="visual-builder__cursor-icon go4261356330"
    >
      <svg
        fill="none"
        height="24"
        viewBox="0 0 24 24"
        width="24"
        xmlns="http://www.w3.org/2000/svg"
      >
        <path
          clip-rule="evenodd"
          d="M1.6875 12C1.6875 8.78984 4.28985 6.1875 7.5 6.1875H16.5C19.7102 6.1875 22.3125 8.78984 22.3125 12C22.3125 15.2102 19.7102 17.8125 16.5 17.8125H7.5C4.28985 17.8125 1.6875 15.2102 1.6875 12ZM7.5 7.3125C4.91117 7.3125 2.8125 9.41117 2.8125 12C2.8125 14.5888 4.91117 16.6875 7.5 16.6875H16.5C19.0888 16.6875 21.1875 14.5888 21.1875 12C21.1875 9.41117 19.0888 7.3125 16.5 7.3125H7.5Z"
          fill="white"
          fill-rule="evenodd"
        />
        <path
          d="M19.5 12C19.5 13.6569 18.1569 15 16.5 15C14.8431 15 13.5 13.6569 13.5 12C13.5 10.3431 14.8431 9 16.5 9C18.1569 9 19.5 10.3431 19.5 12Z"
          fill="white"
        />
      </svg>
    </div>
  </div>
</div>
`;

exports[`When an element is hovered in visual builder mode > boolean field > should have outline 1`] = `
<p
  data-cslp="all_fields.bltapikey.en-us.boolean"
/>
`;

exports[`When an element is hovered in visual builder mode > boolean field > should have outline 2`] = `
<div
  class="visual-builder__hover-outline visual-builder__hover-outline--unclickable go3177626044 go1719569523"
  data-testid="visual-builder__hover-outline"
  style="top: 51px; left: 51px; width: 27.7734375px; height: 20.3984375px;"
/>
`;
