// Vitest Snapshot v1, https://vitest.dev/guide/snapshot.html

exports[`When an element is hovered in visual builder mode > number field (multiple) > should have outline and custom cursor 1`] = `
<div
  data-cslp="all_fields.bltapikey.en-us.number_multiple_"
>
  <p
    data-cslp="all_fields.bltapikey.en-us.number_multiple_.0"
  />
  <p
    data-cslp="all_fields.bltapikey.en-us.number_multiple_.1"
  />
</div>
`;

exports[`When an element is hovered in visual builder mode > number field (multiple) > should have outline and custom cursor 2`] = `
<div
  class="visual-builder__hover-outline visual-builder__hover-outline--unclickable go217287799 go1719569523"
  data-testid="visual-builder__hover-outline"
  style="top: 34px; left: 34px; width: 828px; height: 54.3984375px;"
/>
`;

exports[`When an element is hovered in visual builder mode > number field (multiple) > should have outline and custom cursor 3`] = `
<div
  class="go1688149084 visual-builder__cursor visible"
  data-icon="number"
  data-testid="visual-builder__cursor"
>
  <div
    class="visual-builder__cursor-wrapper"
  >
    <div
      class="visual-builder__cursor-pointer go3046085498"
    >
      <svg
        fill="none"
        height="16"
        viewBox="0 0 16 16"
        width="16"
        xmlns="http://www.w3.org/2000/svg"
      >
        <path
          d="M0.0167948 0.602214C-0.0784404 0.246792 0.246794 -0.0784402 0.602216 0.0167948L15.6457 4.04767C16.0914 4.1671 16.1259 4.78625 15.6962 4.95447L8.17161 7.90048C8.04753 7.94906 7.94936 8.04723 7.90078 8.17131L4.95449 15.6962C4.78627 16.1259 4.16712 16.0914 4.04769 15.6457L0.0167948 0.602214Z"
          fill="#5D50BE"
        />
      </svg>
    </div>
    <div
      class="visual-builder__cursor-icon go4261356330"
    >
      <svg
        fill="none"
        height="24"
        viewBox="0 0 24 24"
        width="24"
        xmlns="http://www.w3.org/2000/svg"
      >
        <path
          clip-rule="evenodd"
          d="M6.46172 8.08704C6.45117 8.02147 6.42928 7.9597 6.39813 7.90379C6.35727 7.8301 6.3012 7.7682 6.23536 7.72082C6.16973 7.67343 6.09347 7.63985 6.01084 7.62433C5.94777 7.61236 5.88203 7.61108 5.81629 7.62183C5.78173 7.6274 5.74822 7.63611 5.71607 7.64767L3.47852 8.39352C3.18381 8.49176 3.02453 8.81031 3.12277 9.10503C3.22101 9.39975 3.53956 9.55903 3.83428 9.46079L5.3439 8.95758L5.3439 15.302H4.59375C4.28309 15.302 4.03125 15.5538 4.03125 15.8645C4.03125 16.1752 4.28309 16.427 4.59375 16.427H7.33594C7.6466 16.427 7.89844 16.1752 7.89844 15.8645C7.89844 15.5538 7.6466 15.302 7.33594 15.302H6.4689L6.4689 8.19029C6.4697 8.15613 6.46737 8.12159 6.46172 8.08704Z"
          fill="white"
          fill-rule="evenodd"
        />
        <path
          clip-rule="evenodd"
          d="M9.51562 9.32004C9.51562 8.35585 10.2973 7.57422 11.2614 7.57422H12.8054C13.6809 7.57422 14.3906 8.28395 14.3906 9.15945V10.9828C14.3906 11.6816 13.9922 12.3191 13.3642 12.6254L12.2817 13.1533C12.2739 13.1571 12.266 13.1607 12.258 13.1641L11.3359 13.562C10.6003 13.8794 10.0831 14.537 9.93348 15.302H13.8281C14.1388 15.302 14.3906 15.5538 14.3906 15.8645C14.3906 16.1752 14.1388 16.427 13.8281 16.427H9.36208C9.03756 16.427 8.77241 16.1679 8.76493 15.8435C8.73182 14.4088 9.57261 13.0976 10.8902 12.5291L11.8003 12.1364L12.8711 11.6142C13.1125 11.4965 13.2656 11.2514 13.2656 10.9828V9.15945C13.2656 8.90527 13.0596 8.69922 12.8054 8.69922H11.2614C10.9186 8.69922 10.6406 8.97717 10.6406 9.32004C10.6406 9.6307 10.3888 9.88254 10.0781 9.88254C9.76746 9.88254 9.51562 9.6307 9.51562 9.32004Z"
          fill="white"
          fill-rule="evenodd"
        />
        <path
          clip-rule="evenodd"
          d="M16.5938 7.62677C16.2831 7.62677 16.0312 7.87861 16.0312 8.18927C16.0312 8.49993 16.2831 8.75177 16.5938 8.75177H19.5938C19.6973 8.75177 19.7812 8.83572 19.7812 8.93927V11.4583H16.5938C16.2831 11.4583 16.0312 11.7101 16.0312 12.0208C16.0312 12.3315 16.2831 12.5833 16.5938 12.5833H19.7812V15.1023C19.7812 15.2059 19.6973 15.2898 19.5938 15.2898H16.5938C16.2831 15.2898 16.0312 15.5417 16.0312 15.8523C16.0312 16.163 16.2831 16.4148 16.5938 16.4148H19.5938C20.3186 16.4148 20.9062 15.8272 20.9062 15.1023V8.93927C20.9062 8.2144 20.3186 7.62677 19.5938 7.62677H16.5938Z"
          fill="white"
          fill-rule="evenodd"
        />
      </svg>
    </div>
  </div>
</div>
`;

exports[`When an element is hovered in visual builder mode > number field (multiple) > should have outline and custom cursor on individual instances 1`] = `
<p
  data-cslp="all_fields.bltapikey.en-us.number_multiple_.0"
/>
`;

exports[`When an element is hovered in visual builder mode > number field (multiple) > should have outline and custom cursor on individual instances 2`] = `
<div
  class="visual-builder__hover-outline visual-builder__hover-outline--unclickable go217287799 go1719569523"
  data-testid="visual-builder__hover-outline"
  style="top: 51px; left: 51px; width: 27.7734375px; height: 20.3984375px;"
/>
`;

exports[`When an element is hovered in visual builder mode > number field (multiple) > should have outline and custom cursor on individual instances 3`] = `
<div
  class="go1688149084 visual-builder__cursor visible"
  data-icon="number"
  data-testid="visual-builder__cursor"
>
  <div
    class="visual-builder__cursor-wrapper"
  >
    <div
      class="visual-builder__cursor-pointer go3046085498"
    >
      <svg
        fill="none"
        height="16"
        viewBox="0 0 16 16"
        width="16"
        xmlns="http://www.w3.org/2000/svg"
      >
        <path
          d="M0.0167948 0.602214C-0.0784404 0.246792 0.246794 -0.0784402 0.602216 0.0167948L15.6457 4.04767C16.0914 4.1671 16.1259 4.78625 15.6962 4.95447L8.17161 7.90048C8.04753 7.94906 7.94936 8.04723 7.90078 8.17131L4.95449 15.6962C4.78627 16.1259 4.16712 16.0914 4.04769 15.6457L0.0167948 0.602214Z"
          fill="#5D50BE"
        />
      </svg>
    </div>
    <div
      class="visual-builder__cursor-icon go4261356330"
    >
      <svg
        fill="none"
        height="24"
        viewBox="0 0 24 24"
        width="24"
        xmlns="http://www.w3.org/2000/svg"
      >
        <path
          clip-rule="evenodd"
          d="M6.46172 8.08704C6.45117 8.02147 6.42928 7.9597 6.39813 7.90379C6.35727 7.8301 6.3012 7.7682 6.23536 7.72082C6.16973 7.67343 6.09347 7.63985 6.01084 7.62433C5.94777 7.61236 5.88203 7.61108 5.81629 7.62183C5.78173 7.6274 5.74822 7.63611 5.71607 7.64767L3.47852 8.39352C3.18381 8.49176 3.02453 8.81031 3.12277 9.10503C3.22101 9.39975 3.53956 9.55903 3.83428 9.46079L5.3439 8.95758L5.3439 15.302H4.59375C4.28309 15.302 4.03125 15.5538 4.03125 15.8645C4.03125 16.1752 4.28309 16.427 4.59375 16.427H7.33594C7.6466 16.427 7.89844 16.1752 7.89844 15.8645C7.89844 15.5538 7.6466 15.302 7.33594 15.302H6.4689L6.4689 8.19029C6.4697 8.15613 6.46737 8.12159 6.46172 8.08704Z"
          fill="white"
          fill-rule="evenodd"
        />
        <path
          clip-rule="evenodd"
          d="M9.51562 9.32004C9.51562 8.35585 10.2973 7.57422 11.2614 7.57422H12.8054C13.6809 7.57422 14.3906 8.28395 14.3906 9.15945V10.9828C14.3906 11.6816 13.9922 12.3191 13.3642 12.6254L12.2817 13.1533C12.2739 13.1571 12.266 13.1607 12.258 13.1641L11.3359 13.562C10.6003 13.8794 10.0831 14.537 9.93348 15.302H13.8281C14.1388 15.302 14.3906 15.5538 14.3906 15.8645C14.3906 16.1752 14.1388 16.427 13.8281 16.427H9.36208C9.03756 16.427 8.77241 16.1679 8.76493 15.8435C8.73182 14.4088 9.57261 13.0976 10.8902 12.5291L11.8003 12.1364L12.8711 11.6142C13.1125 11.4965 13.2656 11.2514 13.2656 10.9828V9.15945C13.2656 8.90527 13.0596 8.69922 12.8054 8.69922H11.2614C10.9186 8.69922 10.6406 8.97717 10.6406 9.32004C10.6406 9.6307 10.3888 9.88254 10.0781 9.88254C9.76746 9.88254 9.51562 9.6307 9.51562 9.32004Z"
          fill="white"
          fill-rule="evenodd"
        />
        <path
          clip-rule="evenodd"
          d="M16.5938 7.62677C16.2831 7.62677 16.0312 7.87861 16.0312 8.18927C16.0312 8.49993 16.2831 8.75177 16.5938 8.75177H19.5938C19.6973 8.75177 19.7812 8.83572 19.7812 8.93927V11.4583H16.5938C16.2831 11.4583 16.0312 11.7101 16.0312 12.0208C16.0312 12.3315 16.2831 12.5833 16.5938 12.5833H19.7812V15.1023C19.7812 15.2059 19.6973 15.2898 19.5938 15.2898H16.5938C16.2831 15.2898 16.0312 15.5417 16.0312 15.8523C16.0312 16.163 16.2831 16.4148 16.5938 16.4148H19.5938C20.3186 16.4148 20.9062 15.8272 20.9062 15.1023V8.93927C20.9062 8.2144 20.3186 7.62677 19.5938 7.62677H16.5938Z"
          fill="white"
          fill-rule="evenodd"
        />
      </svg>
    </div>
  </div>
</div>
`;

exports[`When an element is hovered in visual builder mode > number field > should have outline and custom cursor 1`] = `
<p
  data-cslp="all_fields.bltapikey.en-us.number"
/>
`;

exports[`When an element is hovered in visual builder mode > number field > should have outline and custom cursor 2`] = `
<div
  class="visual-builder__hover-outline visual-builder__hover-outline--unclickable go217287799 go1719569523"
  data-testid="visual-builder__hover-outline"
  style="top: 51px; left: 51px; width: 27.7734375px; height: 20.3984375px;"
/>
`;

exports[`When an element is hovered in visual builder mode > number field > should have outline and custom cursor 3`] = `
<div
  class="go1688149084 visual-builder__cursor visible"
  data-icon="number"
  data-testid="visual-builder__cursor"
>
  <div
    class="visual-builder__cursor-wrapper"
  >
    <div
      class="visual-builder__cursor-pointer go3046085498"
    >
      <svg
        fill="none"
        height="16"
        viewBox="0 0 16 16"
        width="16"
        xmlns="http://www.w3.org/2000/svg"
      >
        <path
          d="M0.0167948 0.602214C-0.0784404 0.246792 0.246794 -0.0784402 0.602216 0.0167948L15.6457 4.04767C16.0914 4.1671 16.1259 4.78625 15.6962 4.95447L8.17161 7.90048C8.04753 7.94906 7.94936 8.04723 7.90078 8.17131L4.95449 15.6962C4.78627 16.1259 4.16712 16.0914 4.04769 15.6457L0.0167948 0.602214Z"
          fill="#5D50BE"
        />
      </svg>
    </div>
    <div
      class="visual-builder__cursor-icon go4261356330"
    >
      <svg
        fill="none"
        height="24"
        viewBox="0 0 24 24"
        width="24"
        xmlns="http://www.w3.org/2000/svg"
      >
        <path
          clip-rule="evenodd"
          d="M6.46172 8.08704C6.45117 8.02147 6.42928 7.9597 6.39813 7.90379C6.35727 7.8301 6.3012 7.7682 6.23536 7.72082C6.16973 7.67343 6.09347 7.63985 6.01084 7.62433C5.94777 7.61236 5.88203 7.61108 5.81629 7.62183C5.78173 7.6274 5.74822 7.63611 5.71607 7.64767L3.47852 8.39352C3.18381 8.49176 3.02453 8.81031 3.12277 9.10503C3.22101 9.39975 3.53956 9.55903 3.83428 9.46079L5.3439 8.95758L5.3439 15.302H4.59375C4.28309 15.302 4.03125 15.5538 4.03125 15.8645C4.03125 16.1752 4.28309 16.427 4.59375 16.427H7.33594C7.6466 16.427 7.89844 16.1752 7.89844 15.8645C7.89844 15.5538 7.6466 15.302 7.33594 15.302H6.4689L6.4689 8.19029C6.4697 8.15613 6.46737 8.12159 6.46172 8.08704Z"
          fill="white"
          fill-rule="evenodd"
        />
        <path
          clip-rule="evenodd"
          d="M9.51562 9.32004C9.51562 8.35585 10.2973 7.57422 11.2614 7.57422H12.8054C13.6809 7.57422 14.3906 8.28395 14.3906 9.15945V10.9828C14.3906 11.6816 13.9922 12.3191 13.3642 12.6254L12.2817 13.1533C12.2739 13.1571 12.266 13.1607 12.258 13.1641L11.3359 13.562C10.6003 13.8794 10.0831 14.537 9.93348 15.302H13.8281C14.1388 15.302 14.3906 15.5538 14.3906 15.8645C14.3906 16.1752 14.1388 16.427 13.8281 16.427H9.36208C9.03756 16.427 8.77241 16.1679 8.76493 15.8435C8.73182 14.4088 9.57261 13.0976 10.8902 12.5291L11.8003 12.1364L12.8711 11.6142C13.1125 11.4965 13.2656 11.2514 13.2656 10.9828V9.15945C13.2656 8.90527 13.0596 8.69922 12.8054 8.69922H11.2614C10.9186 8.69922 10.6406 8.97717 10.6406 9.32004C10.6406 9.6307 10.3888 9.88254 10.0781 9.88254C9.76746 9.88254 9.51562 9.6307 9.51562 9.32004Z"
          fill="white"
          fill-rule="evenodd"
        />
        <path
          clip-rule="evenodd"
          d="M16.5938 7.62677C16.2831 7.62677 16.0312 7.87861 16.0312 8.18927C16.0312 8.49993 16.2831 8.75177 16.5938 8.75177H19.5938C19.6973 8.75177 19.7812 8.83572 19.7812 8.93927V11.4583H16.5938C16.2831 11.4583 16.0312 11.7101 16.0312 12.0208C16.0312 12.3315 16.2831 12.5833 16.5938 12.5833H19.7812V15.1023C19.7812 15.2059 19.6973 15.2898 19.5938 15.2898H16.5938C16.2831 15.2898 16.0312 15.5417 16.0312 15.8523C16.0312 16.163 16.2831 16.4148 16.5938 16.4148H19.5938C20.3186 16.4148 20.9062 15.8272 20.9062 15.1023V8.93927C20.9062 8.2144 20.3186 7.62677 19.5938 7.62677H16.5938Z"
          fill="white"
          fill-rule="evenodd"
        />
      </svg>
    </div>
  </div>
</div>
`;
